Copyright 1986-2018 Xilinx, Inc. All Rights Reserved.
----------------------------------------------------------------------------------------------------------------------------------------------
| Tool Version     : Vivado v.2018.3 (win64) Build 2405991 Thu Dec  6 23:38:27 MST 2018
| Date             : Thu Apr 23 10:59:20 2026
| Host             : Marius running 64-bit major release  (build 9200)
| Command          : report_power -file test_new_power_routed.rpt -pb test_new_power_summary_routed.pb -rpx test_new_power_routed.rpx
| Design           : test_new
| Device           : xc7k70tfbv676-1
| Design State     : routed
| Grade            : commercial
| Process          : typical
| Characterization : Production
----------------------------------------------------------------------------------------------------------------------------------------------

Power Report

Table of Contents
-----------------
1. Summary
1.1 On-Chip Components
1.2 Power Supply Summary
1.3 Confidence Level
2. Settings
2.1 Environment
2.2 Clock Constraints
3. Detailed Reports
3.1 By Hierarchy

1. Summary
----------

+--------------------------+--------------+
| Total On-Chip Power (W)  | 12.997       |
| Design Power Budget (W)  | Unspecified* |
| Power Budget Margin (W)  | NA           |
| Dynamic (W)              | 12.875       |
| Device Static (W)        | 0.122        |
| Effective TJA (C/W)      | 1.9          |
| Max Ambient (C)          | 60.5         |
| Junction Temperature (C) | 49.5         |
| Confidence Level         | Low          |
| Setting File             | ---          |
| Simulation Activity File | ---          |
| Design Nets Matched      | NA           |
+--------------------------+--------------+
* Specify Design Power Budget using, set_operating_conditions -design_power_budget <value in Watts>


1.1 On-Chip Components
----------------------

+--------------------------+-----------+----------+-----------+-----------------+
| On-Chip                  | Power (W) | Used     | Available | Utilization (%) |
+--------------------------+-----------+----------+-----------+-----------------+
| Slice Logic              |     2.964 |      493 |       --- |             --- |
|   LUT as Logic           |     1.973 |      235 |     41000 |            0.57 |
|   LUT as Distributed RAM |     0.770 |       88 |     13400 |            0.66 |
|   CARRY4                 |     0.116 |       22 |     10250 |            0.21 |
|   F7/F8 Muxes            |     0.086 |       48 |     41000 |            0.12 |
|   Register               |     0.013 |       43 |     82000 |            0.05 |
|   BUFG                   |     0.006 |        1 |        32 |            3.13 |
|   Others                 |     0.000 |        6 |       --- |             --- |
| Signals                  |     3.504 |      376 |       --- |             --- |
| I/O                      |     6.407 |       26 |       300 |            8.67 |
| Static Power             |     0.122 |          |           |                 |
| Total                    |    12.997 |          |           |                 |
+--------------------------+-----------+----------+-----------+-----------------+


1.2 Power Supply Summary
------------------------

+-----------+-------------+-----------+-------------+------------+
| Source    | Voltage (V) | Total (A) | Dynamic (A) | Static (A) |
+-----------+-------------+-----------+-------------+------------+
| Vccint    |       1.000 |     6.551 |       6.491 |      0.059 |
| Vccaux    |       1.800 |     0.536 |       0.523 |      0.013 |
| Vcco33    |       3.300 |     0.000 |       0.000 |      0.000 |
| Vcco25    |       2.500 |     0.000 |       0.000 |      0.000 |
| Vcco18    |       1.800 |     3.025 |       3.024 |      0.001 |
| Vcco15    |       1.500 |     0.000 |       0.000 |      0.000 |
| Vcco135   |       1.350 |     0.000 |       0.000 |      0.000 |
| Vcco12    |       1.200 |     0.000 |       0.000 |      0.000 |
| Vccaux_io |       1.800 |     0.000 |       0.000 |      0.000 |
| Vccbram   |       1.000 |     0.001 |       0.000 |      0.001 |
| MGTAVcc   |       1.000 |     0.000 |       0.000 |      0.000 |
| MGTAVtt   |       1.200 |     0.000 |       0.000 |      0.000 |
| MGTVccaux |       1.800 |     0.000 |       0.000 |      0.000 |
| Vccadc    |       1.800 |     0.020 |       0.000 |      0.020 |
+-----------+-------------+-----------+-------------+------------+


1.3 Confidence Level
--------------------

+-----------------------------+------------+--------------------------------------------------------+--------------------------------------------------------------------------------------------------------------------+
| User Input Data             | Confidence | Details                                                | Action                                                                                                             |
+-----------------------------+------------+--------------------------------------------------------+--------------------------------------------------------------------------------------------------------------------+
| Design implementation state | High       | Design is routed                                       |                                                                                                                    |
| Clock nodes activity        | Low        | User specified less than 75% of clocks                 | Provide missing clock activity with a constraint file, simulation results or by editing the "By Clock Domain" view |
| I/O nodes activity          | Low        | More than 75% of inputs are missing user specification | Provide missing input activity with simulation results or by editing the "By Resource Type -> I/Os" view           |
| Internal nodes activity     | Medium     | User specified less than 25% of internal nodes         | Provide missing internal nodes activity with simulation results or by editing the "By Resource Type" views         |
| Device models               | High       | Device models are Production                           |                                                                                                                    |
|                             |            |                                                        |                                                                                                                    |
| Overall confidence level    | Low        |                                                        |                                                                                                                    |
+-----------------------------+------------+--------------------------------------------------------+--------------------------------------------------------------------------------------------------------------------+


2. Settings
-----------

2.1 Environment
---------------

+-----------------------+--------------------------+
| Ambient Temp (C)      | 25.0                     |
| ThetaJA (C/W)         | 1.9                      |
| Airflow (LFM)         | 250                      |
| Heat Sink             | medium (Medium Profile)  |
| ThetaSA (C/W)         | 3.4                      |
| Board Selection       | medium (10"x10")         |
| # of Board Layers     | 12to15 (12 to 15 Layers) |
| Board Temperature (C) | 25.0                     |
+-----------------------+--------------------------+


2.2 Clock Constraints
---------------------

+-------+--------+-----------------+
| Clock | Domain | Constraint (ns) |
+-------+--------+-----------------+


3. Detailed Reports
-------------------

3.1 By Hierarchy
----------------

+--------------------------------+-----------+
| Name                           | Power (W) |
+--------------------------------+-----------+
| test_new                       |    12.875 |
|   ex_inst                      |     0.419 |
|   id_inst                      |     1.326 |
|     rf_inst                    |     1.326 |
|       reg_mem_reg_r1_0_7_0_5   |     0.184 |
|       reg_mem_reg_r1_0_7_12_15 |     0.118 |
|       reg_mem_reg_r1_0_7_6_11  |     0.169 |
|       reg_mem_reg_r2_0_7_0_5   |     0.130 |
|       reg_mem_reg_r2_0_7_12_15 |     0.119 |
|       reg_mem_reg_r2_0_7_6_11  |     0.183 |
|   ifu_inst                     |     3.625 |
|   mem_inst                     |     0.835 |
|     RAM_reg_0_255_0_0          |     0.055 |
|     RAM_reg_0_255_10_10        |     0.044 |
|     RAM_reg_0_255_11_11        |     0.060 |
|     RAM_reg_0_255_12_12        |     0.046 |
|     RAM_reg_0_255_13_13        |     0.053 |
|     RAM_reg_0_255_14_14        |     0.054 |
|     RAM_reg_0_255_15_15        |     0.046 |
|     RAM_reg_0_255_1_1          |     0.043 |
|     RAM_reg_0_255_2_2          |     0.046 |
|     RAM_reg_0_255_3_3          |     0.046 |
|     RAM_reg_0_255_4_4          |     0.047 |
|     RAM_reg_0_255_5_5          |     0.045 |
|     RAM_reg_0_255_6_6          |     0.057 |
|     RAM_reg_0_255_7_7          |     0.052 |
|     RAM_reg_0_255_8_8          |     0.050 |
|     RAM_reg_0_255_9_9          |     0.051 |
|   mpg_inst                     |     0.184 |
+--------------------------------+-----------+


